Count: 1
Count: 2
Count: 3
found the third item
Count: 4
Count: 5
You passed in 2 to lab03_excercise2.sh
Maximum number of processes NOT exceeded
There are 126 processes running on this machine
Date & Time:  Sun Oct 4 17:50:58 UTC 2026
Count: 1
Count: 2
Count: 3
found the third item
Count: 4
Count: 5
You passed in 2 to lab03_excercise3.sh
Maximum number of processes NOT exceeded
There are 126 processes running on this machine
Date & Time:  Sun Oct 4 18:51:51 UTC 2026
Count: 1
Count: 2
Count: 3
found the third item
Count: 4
Count: 5
You passed in 2 to lab03_excercise3.sh
Maximum number of processes NOT exceeded
There are 128 processes running on this machine
Date & Time:  Sun Oct 4 18:59:59 UTC 2026
Count: 1
Count: 2
Count: 3
found the third item
Count: 4
Count: 5
You passed in 2 to lab03_excercise3.sh
Maximum number of processes NOT exceeded
There are 128 processes running on this machine
Date & Time:  Sun Oct 4 19:00:18 UTC 2026
Count: 1
Count: 2
Count: 3
found the third item
Count: 4
Count: 5
You passed in 3 to lab03_excercise3.sh
Maximum number of processes NOT exceeded
There are 128 processes running on this machine
Date & Time:  Sun Oct 4 19:00:52 UTC 2026
-------------------
Count: 1
Count: 2
Count: 3
found the third item
Count: 4
Count: 5
You passed in 4 to lab03_excercise3.sh
Maximum number of processes NOT exceeded
There are 124 processes running on this machine
Date & Time:  Sun Oct 4 19:01:56 UTC 2026
-------------------
Count: 1
Count: 2
Count: 3
found the third item
Count: 4
Count: 5
You passed in 8494939 to lab03_excercise3.sh
Maximum number of processes exceeded
There are 124 processes running on this machine
Date & Time:  Sun Oct 4 19:02:18 UTC 2026
-------------------
